<html>
<body>
<pre>
<h1>µVision Build Log</h1>
<h2>Tool Versions:</h2>
IDE-Version: µVision V5.38.0.0
Copyright (C) 2022 ARM Ltd and ARM Germany GmbH. All rights reserved.
License Information: Zachary Richatds, UCSB, LIC=----
 
Tool Versions:
Toolchain:       MDK-Lite  Version: 5.38.0.0
Toolchain Path:  C:\Keil_v5\ARM\ARMCLANG\Bin
C Compiler:      ArmClang.exe V6.19
Assembler:       Armasm.exe V6.19
Linker/Locator:  ArmLink.exe V6.19
Library Manager: ArmAr.exe V6.19
Hex Converter:   FromElf.exe V6.19
CPU DLL:         SARMCM3.DLL V5.38.0.0
Dialog DLL:      DCM.DLL V1.17.5.0
Target DLL:      STLink\ST-LINKIII-KEIL_SWO.dll V3.1.0.0
Dialog DLL:      TCM.DLL V1.56.4.0
 
<h2>Project:</h2>
C:\Users\Zach\OneDrive\Desktop\Template_L6\L6A\project.uvprojx
Project File Date:  05/31/2023

<h2>Output:</h2>
*** Using Compiler 'V6.19', folder: 'C:\Keil_v5\ARM\ARMCLANG\Bin'
Rebuild target 'Target 1'
compiling data.c...
assembling startup_stm32l476xx.s...
src/main.c(53): warning: format specifies type 'unsigned long' but the argument has type 'uint32_t' (aka 'unsigned int') [-Wformat]
                        printf("Unexpected Val: %lu \n", crc); 
                                                ~~~      ^~~
                                                %u
src/main.c(54): warning: format specifies type 'unsigned long' but the argument has type 'int' [-Wformat]
                        printf("Expected Val: %lu \n\n", uwExpectedCRCValue); 
                                              ~~~        ^~~~~~~~~~~~~~~~~~
                                              %d
src/main.c(18): note: expanded from macro 'uwExpectedCRCValue'
#define uwExpectedCRCValue 0x5A60861E
                           ^~~~~~~~~~
src/main.c(59): warning: format specifies type 'unsigned long' but the argument has type 'uint32_t' (aka 'unsigned int') [-Wformat]
                printf("Time to calculate: %lu ms\n", time);
                                           ~~~        ^~~~
                                           %u
src/main.c(42): warning: mixing declarations and code is incompatible with standards before C99 [-Wdeclaration-after-statement]
                uint32_t crc = 0xFFFFFFFF; // Initialize CRC with default initial value
                         ^
src/main.c(20): warning: unused variable 'Software_ComputedCRC' [-Wunused-variable]
static volatile uint32_t Software_ComputedCRC;
                         ^
5 warnings generated.
compiling main.c...
compiling CRC.c...
src/LED.c(26): warning: no newline at end of file [-Wnewline-eof]
}
 ^
1 warning generated.
compiling LED.c...
compiling SysClock.c...
src/SysTimer.c(78): warning: no newline at end of file [-Wnewline-eof]
}
 ^
src/SysTimer.c(76): warning: mixing declarations and code is incompatible with standards before C99 [-Wdeclaration-after-statement]
    uint32_t time = (79999 - SysTick->VAL) / 80 + 1000 * step;
             ^
2 warnings generated.
compiling SysTimer.c...
src/UART_printf.c(22): warning: unused parameter 'f' [-Wunused-parameter]
int fputc(int ch, FILE *f) { 
                        ^
src/UART_printf.c(31): warning: unused parameter 'f' [-Wunused-parameter]
int fgetc(FILE *f) {  
                ^
2 warnings generated.
compiling UART_printf.c...
src/UART.c(133): warning: comparison of integers of different signs: 'int' and 'uint32_t' (aka 'unsigned int') [-Wsign-compare]
        for (i = 0; i < nBytes; i++) {
                    ~ ^ ~~~~~~
src/UART.c(146): warning: no newline at end of file [-Wnewline-eof]
}
 ^
2 warnings generated.
compiling UART.c...
linking...
Program Size: Code=8812 RO-data=3080 RW-data=0 ZI-data=1720  
FromELF: creating hex file...
".\Objects\project.axf" - 0 Error(s), 12 Warning(s).

<h2>Software Packages used:</h2>

Package Vendor: ARM
                http://www.keil.com/pack/ARM.CMSIS.5.9.0.pack
                ARM.CMSIS.5.9.0
                CMSIS (Common Microcontroller Software Interface Standard)
   * Component: CORE Version: 5.6.0

Package Vendor: Keil
                http://www.keil.com/pack/Keil.STM32L4xx_DFP.2.6.1.pack
                Keil.STM32L4xx_DFP.2.6.1
                STMicroelectronics STM32L4 Series Device Support, Drivers and Examples

<h2>Collection of Component include folders:</h2>
  ./RTE/_Target_1
  C:/Users/Zach/AppData/Local/Arm/Packs/ARM/CMSIS/5.9.0/CMSIS/Core/Include
  C:/Users/Zach/AppData/Local/Arm/Packs/Keil/STM32L4xx_DFP/2.6.1/Drivers/CMSIS/Device/ST/STM32L4xx/Include

<h2>Collection of Component Files used:</h2>

   * Component: ARM::CMSIS:CORE:5.6.0
Build Time Elapsed:  00:00:01
</pre>
</body>
</html>
