<html>
<body>
<pre>
<h1>µVision Build Log</h1>
<h2>Tool Versions:</h2>
IDE-Version: µVision V5.38.0.0
Copyright (C) 2022 ARM Ltd and ARM Germany GmbH. All rights reserved.
License Information: Zachary Richatds, UCSB, LIC=----
 
Tool Versions:
Toolchain:       MDK-Lite  Version: 5.38.0.0
Toolchain Path:  C:\Keil_v5\ARM\ARMCLANG\Bin
C Compiler:      ArmClang.exe V6.19
Assembler:       Armasm.exe V6.19
Linker/Locator:  ArmLink.exe V6.19
Library Manager: ArmAr.exe V6.19
Hex Converter:   FromElf.exe V6.19
CPU DLL:         SARMCM3.DLL V5.38.0.0
Dialog DLL:      DCM.DLL V1.17.5.0
Target DLL:      STLink\ST-LINKIII-KEIL_SWO.dll V3.1.0.0
Dialog DLL:      TCM.DLL V1.56.4.0
 
<h2>Project:</h2>
C:\Users\Zach\OneDrive\Desktop\Template_L6\L6B\project.uvprojx
Project File Date:  05/31/2023

<h2>Output:</h2>
*** Using Compiler 'V6.19', folder: 'C:\Keil_v5\ARM\ARMCLANG\Bin'
Rebuild target 'Target 1'
src/LED.c(9): warning: In file included from...
src/LED.h(12): warning: In file included from...
src/stm32l476xx.h(12): warning: invalid UTF-8 in comment [-Winvalid-utf8]
  *           - Macros to access peripheral<92>s registers hardware
                                           ^
src/LED.c(34): warning: no newline at end of file [-Wnewline-eof]
}
 ^
2 warnings generated.
compiling LED.c...
src/SysTimer.c(9): warning: In file included from...
src/SysTimer.h(12): warning: In file included from...
src/stm32l476xx.h(12): warning: invalid UTF-8 in comment [-Winvalid-utf8]
  *           - Macros to access peripheral<92>s registers hardware
                                           ^
src/SysTimer.c(78): warning: no newline at end of file [-Wnewline-eof]
}
 ^
src/SysTimer.c(76): warning: mixing declarations and code is incompatible with standards before C99 [-Wdeclaration-after-statement]
    uint32_t time = (79999 - SysTick->VAL) / 80 + 1000 * step;
             ^
3 warnings generated.
compiling SysTimer.c...
src/SysClock.c(9): warning: In file included from...
src/SysClock.h(12): warning: In file included from...
src/stm32l476xx.h(12): warning: invalid UTF-8 in comment [-Winvalid-utf8]
  *           - Macros to access peripheral<92>s registers hardware
                                           ^
1 warning generated.
compiling SysClock.c...
src/main.c(9): warning: In file included from...
src/stm32l476xx.h(12): warning: invalid UTF-8 in comment [-Winvalid-utf8]
  *           - Macros to access peripheral<92>s registers hardware
                                           ^
src/main.c(65): warning: format specifies type 'unsigned long' but the argument has type 'uint32_t' (aka 'unsigned int') [-Wformat]
      printf("Unexpected Val: %lu \n", ComputedCRC); 
                              ~~~      ^~~~~~~~~~~
                              %u
src/main.c(66): warning: format specifies type 'unsigned long' but the argument has type 'uint32_t' (aka 'unsigned int') [-Wformat]
      printf("Expected Val: %lu \n\n", uwExpectedCRCValue); 
                            ~~~        ^~~~~~~~~~~~~~~~~~
                            %u
src/main.c(71): warning: format specifies type 'unsigned long' but the argument has type 'uint32_t' (aka 'unsigned int') [-Wformat]
    printf("Time to calculate: %lu ms\r\n", time);
                               ~~~          ^~~~
                               %u
4 warnings generated.
compiling main.c...
assembling startup_stm32l476xx.s...
src/CRC.c(9): warning: In file included from...
src/CRC.h(12): warning: In file included from...
src/stm32l476xx.h(12): warning: invalid UTF-8 in comment [-Winvalid-utf8]
  *           - Macros to access peripheral<92>s registers hardware
                                           ^
src/CRC.c(39): warning: no newline at end of file [-Wnewline-eof]
}
 ^
2 warnings generated.
compiling CRC.c...
src/data.c(10): warning: In file included from...
src/CRC.h(12): warning: In file included from...
src/stm32l476xx.h(12): warning: invalid UTF-8 in comment [-Winvalid-utf8]
  *           - Macros to access peripheral<92>s registers hardware
                                           ^
1 warning generated.
compiling data.c...
src/UART.c(1): warning: In file included from...
src/UART.h(4): warning: In file included from...
src/stm32l476xx.h(12): warning: invalid UTF-8 in comment [-Winvalid-utf8]
  *           - Macros to access peripheral<92>s registers hardware
                                           ^
src/UART.c(133): warning: comparison of integers of different signs: 'int' and 'uint32_t' (aka 'unsigned int') [-Wsign-compare]
        for (i = 0; i < nBytes; i++) {
                    ~ ^ ~~~~~~
src/UART.c(146): warning: no newline at end of file [-Wnewline-eof]
}
 ^
3 warnings generated.
compiling UART.c...
src/UART_printf.c(1): warning: In file included from...
src/UART.h(4): warning: In file included from...
src/stm32l476xx.h(12): warning: invalid UTF-8 in comment [-Winvalid-utf8]
  *           - Macros to access peripheral<92>s registers hardware
                                           ^
src/UART_printf.c(14): warning: unused parameter 'f' [-Wunused-parameter]
int fputc(int ch, FILE *f) { 
                        ^
src/UART_printf.c(23): warning: unused parameter 'f' [-Wunused-parameter]
int fgetc(FILE *f) {  
                ^
3 warnings generated.
compiling UART_printf.c...
linking...
Program Size: Code=8856 RO-data=3104 RW-data=4 ZI-data=1732  
FromELF: creating hex file...
".\Objects\project.axf" - 0 Error(s), 19 Warning(s).

<h2>Software Packages used:</h2>

Package Vendor: ARM
                http://www.keil.com/pack/ARM.CMSIS.5.9.0.pack
                ARM.CMSIS.5.9.0
                CMSIS (Common Microcontroller Software Interface Standard)
   * Component: CORE Version: 5.6.0

Package Vendor: Keil
                http://www.keil.com/pack/Keil.STM32L4xx_DFP.2.6.1.pack
                Keil.STM32L4xx_DFP.2.6.1
                STMicroelectronics STM32L4 Series Device Support, Drivers and Examples

<h2>Collection of Component include folders:</h2>
  ./RTE/_Target_1
  C:/Users/Zach/AppData/Local/Arm/Packs/ARM/CMSIS/5.9.0/CMSIS/Core/Include
  C:/Users/Zach/AppData/Local/Arm/Packs/Keil/STM32L4xx_DFP/2.6.1/Drivers/CMSIS/Device/ST/STM32L4xx/Include

<h2>Collection of Component Files used:</h2>

   * Component: ARM::CMSIS:CORE:5.6.0
Build Time Elapsed:  00:00:00
</pre>
</body>
</html>
